core_cm4.h:1679:22:__NVIC_EnableIRQ	16	static,ignoring_inline_asm
main.c:145:5:main	96	static
main.c:454:6:SystemClock_Config	96	static
main.c:509:13:MX_I2C1_Init	8	static
main.c:552:13:MX_TIM1_Init	112	static
main.c:632:13:MX_TIM2_Init	56	static
main.c:688:13:MX_TIM3_Init	56	static
main.c:744:13:MX_TIM8_Init	96	static
main.c:811:13:MX_TIM15_Init	112	static
main.c:886:13:MX_UART4_Init	8	static
main.c:919:13:MX_GPIO_Init	40	static
main.c:957:6:LED_ON	16	static
main.c:965:6:LED_OFF	16	static
main.c:974:6:TIM2_IRQHandler	16	static
main.c:1010:6:TIM3_IRQHandler	16	static
main.c:1047:7:map	32	static
main.c:1055:6:reset_variables	8	static
main.c:1062:10:condition_values	24	static
main.c:1078:6:CalculateOutput	16	static
main.c:1148:6:Error_Handler	4	static,ignoring_inline_asm
